t=0 state timing RUN
t=0 state plan RUN
t=0 state crowd RUN
t=0 state divide RUN
t=0 state grow RUN
t=0 state invert RUN
t=0 state restart RUN.S0
t=0 out timed 1
t=0 out planned 0
t=0 out count 1
t=0 out crowded 0
t=0 out rest 1
t=0 out big_out 9223372036854775400
t=0 out inv_out 1.0
t=0 out word 0
t=0 out ready 0
t=1 fault invert Arithmetic(Singular) "Matrix singulaer" -> FAULTED
t=1 state invert FAULTED
t=1 state restart RUN.S1
t=1 out timed 2
t=1 out count 2
t=1 out rest 0
t=1 out big_out 9223372036854775800
t=1 out inv_out 0.0
t=2 fault timing TimingFault "`at` fuer `timed` liegt nicht in der Zukunft" -> FAULTED
t=2 fault crowd ScheduleOverflow "`sched` von `crowded` ist voll (4)" -> FAULTED
t=2 fault divide Arithmetic(DivZero) "Division durch null" -> FAULTED
t=2 fault grow Arithmetic(Overflow) "Ueberlauf in int" -> FAULTED
t=2 state timing FAULTED
t=2 state crowd FAULTED
t=2 state divide FAULTED
t=2 state grow FAULTED
t=2 out timed 0
t=2 out count 0
t=2 out big_out 0
t=3 out planned 2
t=4 job restart v done start=1
t=4 state restart RUN.S2
t=4 out word 4229992187
t=4 out ready 1
t=5 state restart DONE
t=12 verdict-final FAIL
