t=0 state brownout_test IDLE
t=0 state dut_model OFF
t=0 out vbus_set 0.0 V
t=0 out vbus_en false
t=0 out reset_n false
t=0 out i_dut_sim [0.0 A, 0.0 A, 0.0 A, 0.0 A]
t=0 pub brownout_test result NONE
t=3 state brownout_test RUNNING.POWER_ON.S0
t=3 out vbus_set 5.0 V
t=3 out vbus_en true
t=4 out i_dut_sim [0.2 A, 0.2 A, 0.2 A, 0.2 A]
t=53 state brownout_test RUNNING.POWER_ON.S1
t=53 out reset_n true
t=54 state dut_model BOOTING
t=84 state dut_model READY
t=84 out dut_log_sim [0x42, 0x6f, 0x6f, 0x74, 0x20, 0x76, 0x32, 0x2e, 0x31]
t=85 measure brownout_test boot_time 82 ms
t=85 verify brownout_test ok "bootloader too old: 2.1"
t=85 state brownout_test RUNNING.POWER_ON.S2
t=86 state brownout_test RUNNING.HANDSHAKE.S0
t=86 out dut_tx [0x55, 0x50, 0x44, 0x41, 0x54, 0x45, 0x20, 0x36, 0x35, 0x35, 0x33]
t=87 out dut_tx [0x36, 0x20, 0x31, 0x32, 0x33, 0x34, 0x35, 0x36, 0x37, 0x38, 0x0a]
t=88 state dut_model ERASING
t=88 out i_dut_sim [0.4 A, 0.4 A, 0.4 A, 0.4 A]
t=88 out dut_log_sim [0x52, 0x45, 0x41, 0x44, 0x59]
t=89 state brownout_test RUNNING.UPDATING
t=108 out dut_log_sim [0x45, 0x72, 0x61, 0x73, 0x69, 0x6e, 0x67, 0x20, 0x73, 0x65, 0x63, 0x74, 0x6f, 0x72, 0x20, 0x30]
t=109 measure brownout_test erase_seen_at 106 ms
t=109 state brownout_test RUNNING.CUTTING.S0
t=128 out dut_log_sim [0x45, 0x72, 0x61, 0x73, 0x69, 0x6e, 0x67, 0x20, 0x73, 0x65, 0x63, 0x74, 0x6f, 0x72, 0x20, 0x31]
t=129 out vbus_en false
t=130 state dut_model DEAD
t=131 out i_dut_sim [0.0 A, 0.0 A, 0.0 A, 0.0 A]
t=149 verify brownout_test ok "supply still present during brownout: 0.0"
t=149 state brownout_test RUNNING.CUTTING.S1
t=649 state brownout_test RUNNING.CUTTING.S2
t=649 out vbus_en true
t=649 out reset_n false
t=650 out i_dut_sim [0.2 A, 0.2 A, 0.2 A, 0.2 A]
t=699 state brownout_test RUNNING.CUTTING.S3
t=699 out reset_n true
t=700 state brownout_test RUNNING.RECOVERY.S0
t=700 state dut_model RECOVERING
t=730 state dut_model RECOVERED
t=730 out dut_log_sim [0x42, 0x6f, 0x6f, 0x74, 0x20, 0x76, 0x32, 0x2e, 0x31]
t=731 state brownout_test RUNNING.RECOVERY.S1
t=740 state dut_model READY
t=740 out dut_log_sim [0x52, 0x65, 0x63, 0x6f, 0x76, 0x65, 0x72, 0x79, 0x3a, 0x20, 0x4f, 0x4b]
t=741 verdict brownout_test pass "recovered after brownout at 20 ms"
t=741 state brownout_test RUNNING.RECOVERY.S2
t=741 pub brownout_test result RECOVERED
t=742 state brownout_test DONE
t=742 out vbus_en false
t=743 state dut_model OFF
t=743 out i_dut_sim [0.0 A, 0.0 A, 0.0 A, 0.0 A]
t=900 verdict-final PASS
