t=0 state boot DECIDE
t=0 out image_confirm false
t=0 out reboot NONE
t=0 out led false
t=0 pub boot restarts 0
t=1 state boot SELFTEST.S0
t=1 out led true
t=6 state boot SELFTEST.S1
t=6 out image_confirm true
t=7 state boot RUN
t=7 out led false
t=8 out led true
t=9 out led false
t=10 out led true
t=11 out led false
t=12 out led true
t=13 out led false
t=14 out led true
t=15 out led false
t=16 out led true
t=17 out led false
t=18 out led true
t=19 out led false
t=20 out led true
t=21 out led false
t=22 out led true
t=23 out led false
t=24 out led true
t=25 out led false
t=26 out led true
t=27 out led false
t=28 out led true
t=29 out led false
t=30 out led true
t=31 out led false
t=32 out led true
t=33 out led false
t=34 out led true
t=35 out led false
t=36 out led true
t=37 state boot RESTART
t=37 pub boot restarts 1
t=37 out reboot RESTART
t=37 out led false
t=37 end restart
t=37 out image_confirm false
t=37 out reboot NONE
t=37 verdict-final INCONCLUSIVE
