t=0 alert boot on "Start nach dem Watchdog, 1 in Folge"
t=0 state boot DECIDE
t=0 out image_confirm false
t=0 out reboot NONE
t=0 out led false
t=0 pub boot restarts 0
t=1 state boot RUN
t=1 out led true
t=2 out led false
t=3 out led true
t=4 out led false
t=5 out led true
t=6 out led false
t=7 out led true
t=8 out led false
t=9 out led true
t=10 out led false
t=11 out led true
t=12 out led false
t=13 out led true
t=14 out led false
t=15 out led true
t=16 out led false
t=17 out led true
t=18 out led false
t=19 out led true
t=20 out led false
t=21 out led true
t=22 out led false
t=23 out led true
t=24 out led false
t=25 out led true
t=26 out led false
t=27 out led true
t=28 out led false
t=29 out led true
t=30 out led false
t=31 state boot RESTART
t=31 pub boot restarts 1
t=31 out reboot RESTART
t=31 out led true
t=31 end restart
t=31 out reboot NONE
t=31 out led false
t=31 verdict-final INCONCLUSIVE
