t=0 state bms ACTIVE.SELFTEST.S0
t=0 state pack_model RUN
t=0 out image_confirm false
t=0 out fet_chg false
t=0 out fet_dis false
t=0 out load_test false
t=0 out led 128
t=0 out cell_sim [3.75 V, 3.75 V, 3.75 V, 3.75 V]
t=0 out current_sim 0.0 A
t=0 out temp_sim [25.0 degC, 26.0 degC]
t=0 out charger_sim false
t=0 out status_sim 0
t=0 pub bms soc 52.500000000000014 pct
t=0 pub bms charge_as 0.0 s*A
t=10 state bms ACTIVE.SELFTEST.S1
t=10 out load_test true
t=30 state bms ACTIVE.SELFTEST.S2
t=30 out load_test false
t=40 state bms ACTIVE.SELFTEST.S3
t=50 state bms ACTIVE.RUN
t=50 out fet_dis true
t=50 out led 134
t=50 out cell_sim [3.8125 V, 3.8125 V, 3.8125 V, 3.8125 V]
t=50 out current_sim 1.5 A
t=50 out charger_sim true
t=60 pub bms soc 61.56250000000002 pct
t=60 pub bms charge_as 0.15000000000000002 s*A
t=60 out fet_chg true
t=60 out led 157
t=60 out cell_sim [3.875 V, 3.875 V, 3.875 V, 3.875 V]
t=70 pub bms soc 69.37500000000001 pct
t=70 pub bms charge_as 0.30000000000000004 s*A
t=70 out led 177
t=70 out cell_sim [3.9375 V, 3.9375 V, 3.9375 V, 3.9375 V]
t=80 pub bms soc 77.1875 pct
t=80 pub bms charge_as 0.45000000000000007 s*A
t=80 out led 197
t=80 out cell_sim [4.0 V, 4.0 V, 4.0 V, 4.0 V]
t=90 pub bms soc 85.0 pct
t=90 pub bms charge_as 0.6000000000000001 s*A
t=90 out led 217
t=100 pub bms charge_as 0.7500000000000001 s*A
t=110 pub bms charge_as 0.9000000000000001 s*A
t=120 pub bms charge_as 1.0500000000000003 s*A
t=130 pub bms charge_as 1.2000000000000002 s*A
t=140 pub bms charge_as 1.35 s*A
t=150 pub bms charge_as 1.5 s*A
t=160 pub bms charge_as 1.65 s*A
t=170 pub bms charge_as 1.7999999999999998 s*A
t=180 pub bms charge_as 1.9499999999999997 s*A
t=190 pub bms charge_as 2.0999999999999996 s*A
t=200 pub bms charge_as 2.2499999999999996 s*A
t=210 pub bms charge_as 2.3999999999999995 s*A
t=220 pub bms charge_as 2.5499999999999994 s*A
t=230 pub bms charge_as 2.6999999999999993 s*A
t=240 pub bms charge_as 2.849999999999999 s*A
t=250 pub bms charge_as 2.999999999999999 s*A
t=260 pub bms charge_as 3.149999999999999 s*A
t=270 pub bms charge_as 3.299999999999999 s*A
t=280 pub bms charge_as 3.449999999999999 s*A
t=290 pub bms charge_as 3.5999999999999988 s*A
t=300 pub bms charge_as 3.7499999999999987 s*A
t=310 pub bms charge_as 3.8999999999999986 s*A
t=320 pub bms charge_as 4.049999999999999 s*A
t=330 pub bms charge_as 4.199999999999999 s*A
t=340 pub bms charge_as 4.35 s*A
t=350 pub bms charge_as 4.5 s*A
t=360 pub bms charge_as 4.65 s*A
t=370 pub bms charge_as 4.800000000000001 s*A
t=380 pub bms charge_as 4.950000000000001 s*A
t=390 pub bms charge_as 5.100000000000001 s*A
t=400 pub bms charge_as 5.250000000000002 s*A
t=410 pub bms charge_as 5.400000000000002 s*A
t=420 pub bms charge_as 5.5500000000000025 s*A
t=430 pub bms charge_as 5.700000000000003 s*A
t=440 pub bms charge_as 5.850000000000003 s*A
t=450 pub bms charge_as 6.0000000000000036 s*A
t=460 pub bms charge_as 6.150000000000004 s*A
t=470 pub bms charge_as 6.300000000000004 s*A
t=480 pub bms charge_as 6.450000000000005 s*A
t=490 pub bms charge_as 6.600000000000005 s*A
t=500 pub bms charge_as 6.750000000000005 s*A
t=510 pub bms charge_as 6.900000000000006 s*A
t=520 pub bms charge_as 7.050000000000006 s*A
t=530 pub bms charge_as 7.200000000000006 s*A
t=540 pub bms charge_as 7.350000000000007 s*A
t=550 pub bms charge_as 7.500000000000007 s*A
t=560 pub bms charge_as 7.6500000000000075 s*A
t=570 pub bms charge_as 7.800000000000008 s*A
t=580 pub bms charge_as 7.950000000000008 s*A
t=590 pub bms charge_as 8.100000000000009 s*A
t=600 pub bms charge_as 8.250000000000009 s*A
t=610 pub bms charge_as 8.40000000000001 s*A
t=620 pub bms charge_as 8.55000000000001 s*A
t=630 pub bms charge_as 8.70000000000001 s*A
t=640 pub bms charge_as 8.85000000000001 s*A
t=650 pub bms charge_as 9.00000000000001 s*A
t=660 pub bms charge_as 9.150000000000011 s*A
t=670 pub bms charge_as 9.300000000000011 s*A
t=680 pub bms charge_as 9.450000000000012 s*A
t=690 pub bms charge_as 9.600000000000012 s*A
t=700 pub bms charge_as 9.750000000000012 s*A
t=710 pub bms charge_as 9.900000000000013 s*A
t=720 pub bms charge_as 10.050000000000013 s*A
t=730 pub bms charge_as 10.200000000000014 s*A
t=740 pub bms charge_as 10.350000000000014 s*A
t=750 pub bms charge_as 10.500000000000014 s*A
t=760 pub bms charge_as 10.650000000000015 s*A
t=770 pub bms charge_as 10.800000000000015 s*A
t=780 pub bms charge_as 10.950000000000015 s*A
t=790 pub bms charge_as 11.100000000000016 s*A
t=800 pub bms charge_as 11.250000000000016 s*A
t=800 out current_sim 0.0 A
t=800 out charger_sim false
t=810 state bms ACTIVE.IDLE_WAIT
t=810 out fet_chg false
t=1200 persist bf7e926158abd8401100000001000000000000000000000000000000009e837847ddb0b6be080000000100000000000000e8defe4b3af2d4fe080000000000000000000000
t=1200 verdict-final INCONCLUSIVE
