t=0 state bms ACTIVE.SELFTEST.S0
t=0 state pack_model RUN
t=0 out image_confirm false
t=0 out fet_chg false
t=0 out fet_dis false
t=0 out load_test false
t=0 out led 128
t=0 out cell_sim [3.75 V, 3.75 V, 3.75 V, 3.75 V]
t=0 out current_sim 0.0 A
t=0 out temp_sim [25.0 degC, 26.0 degC]
t=0 out charger_sim false
t=0 out status_sim 0
t=0 pub bms soc 52.500000000000014 pct
t=0 pub bms charge_as 0.0 s*A
t=10 state bms ACTIVE.SELFTEST.S1
t=10 out load_test true
t=30 state bms ACTIVE.SELFTEST.S2
t=30 out load_test false
t=40 state bms ACTIVE.SELFTEST.S3
t=50 state bms ACTIVE.RUN
t=50 out fet_dis true
t=50 out led 134
t=60 state bms ACTIVE.IDLE_WAIT
t=300 out cell_sim [3.75 V, 3.75 V, 4.375 V, 3.75 V]
t=310 fault bms CheckFailed "cell 2 overvoltage 4.375" -> PROTECT
t=310 state bms PROTECT
t=310 out fet_dis false
t=310 out led 255
t=900 out cell_sim [3.75 V, 3.75 V, 3.75 V, 3.75 V]
t=1310 state bms ACTIVE.SELFTEST.S0
t=1310 out led 128
t=1320 state bms ACTIVE.SELFTEST.S1
t=1320 out load_test true
t=1340 state bms ACTIVE.SELFTEST.S2
t=1340 out load_test false
t=1350 state bms ACTIVE.SELFTEST.S3
t=1360 state bms ACTIVE.RUN
t=1360 out fet_dis true
t=1360 out led 134
t=1370 state bms ACTIVE.IDLE_WAIT
t=1600 persist bf7e926158abd8401100000001000000000000000000000000000000009e837847ddb0b6be080000000000000000000000e8defe4b3af2d4fe080000000100000000000000
t=1600 verdict-final FAIL
