t=0 state valve_model RUN
t=0 state v1 CLOSED_ST
t=0 out valve_1 CLOSED
t=0 out open_v1_sim false
t=0 out pos_v1_sim 0.0 pct
t=10 out open_v1_sim true
t=20 state v1 OPENING
t=20 out valve_1 OPEN
t=30 out pos_v1_sim 10.0 pct
t=40 out pos_v1_sim 20.0 pct
t=50 out pos_v1_sim 30.0 pct
t=60 out pos_v1_sim 40.0 pct
t=70 out pos_v1_sim 50.0 pct
t=80 out pos_v1_sim 60.0 pct
t=90 out pos_v1_sim 70.0 pct
t=100 out pos_v1_sim 80.0 pct
t=110 out pos_v1_sim 90.0 pct
t=120 out pos_v1_sim 100.0 pct
t=130 state v1 OPEN_ST
t=200 out open_v1_sim false
t=210 state v1 CLOSING
t=210 out valve_1 CLOSED
t=220 out pos_v1_sim 90.0 pct
t=230 out pos_v1_sim 80.0 pct
t=240 out pos_v1_sim 70.0 pct
t=250 out pos_v1_sim 60.0 pct
t=260 out pos_v1_sim 50.0 pct
t=270 out pos_v1_sim 40.0 pct
t=280 out pos_v1_sim 30.0 pct
t=290 out pos_v1_sim 20.0 pct
t=300 out pos_v1_sim 10.0 pct
t=310 out pos_v1_sim 0.0 pct
t=320 state v1 CLOSED_ST
t=400 verdict-final INCONCLUSIVE
