t=0 state tc_guard WATCH
t=0 state tc_model RUN
t=0 out tcs_sim [20.0 degC, 20.0 degC, 20.0 degC, 20.0 degC, 20.0 degC, 20.0 degC, 20.0 degC, 20.0 degC, 20.0 degC, 20.0 degC, 20.0 degC, 20.0 degC, 20.0 degC, 20.0 degC, 20.0 degC, 20.0 degC]
t=100 alert tc_guard on "TC 0 invalid"
t=100 alert tc_guard on "TC 1 invalid"
t=100 alert tc_guard on "TC 2 invalid"
t=100 alert tc_guard on "TC 3 invalid"
t=100 alert tc_guard on "TC 4 invalid"
t=100 alert tc_guard on "TC 5 invalid"
t=100 alert tc_guard on "TC 6 invalid"
t=100 alert tc_guard on "TC 7 invalid"
t=100 alert tc_guard on "TC 8 invalid"
t=100 alert tc_guard on "TC 9 invalid"
t=100 alert tc_guard on "TC 10 invalid"
t=100 alert tc_guard on "TC 11 invalid"
t=100 alert tc_guard on "TC 12 invalid"
t=100 alert tc_guard on "TC 13 invalid"
t=100 alert tc_guard on "TC 14 invalid"
t=100 alert tc_guard on "TC 15 invalid"
t=300 verdict-final INCONCLUSIVE
