t=0 state ctrl FIRST
t=0 state r 
t=0 state q LOW
t=0 state p LOW
t=0 out a false
t=0 out b false
t=0 out c false
t=3 state q HIGH
t=3 state p HIGH
t=3 out a true
t=3 out b true
t=6 state q LOW
t=6 state p LOW
t=6 out a false
t=6 out b false
t=8 state ctrl SECOND
t=8 state r LOW
t=8 state q 
t=8 state p 
t=12 state r HIGH
t=12 out c true
t=14 state ctrl FIRST
t=14 state r 
t=14 state q LOW
t=14 state p LOW
t=14 out c false
t=18 state q HIGH
t=18 state p HIGH
t=18 out a true
t=18 out b true
t=20 verdict-final INCONCLUSIVE
