t=0 alert hotfire on "LOX warming"
t=0 alert hotfire on "start refused: tank pressure 0.0"
t=0 state hotfire ARMED.IDLE
t=0 state pad_model RUN
t=0 out fuel_main CLOSED
t=0 out lox_main CLOSED
t=0 out igniter false
t=0 out tank_p_sim 50.0 bar
t=0 out chamber_p_sim 1.0 bar
t=0 out lox_temp_sim 90.0 K
t=52 log hotfire "starting hotfire"
t=52 state hotfire ARMED.IGNITION.S0
t=52 out fuel_main OPEN
t=202 state hotfire ARMED.IGNITION.S1
t=202 out igniter true
t=702 fault hotfire Timeout "Timeout in `IGNITION.S1`" -> SAFE
t=702 state hotfire SAFE
t=702 out fuel_main CLOSED
t=702 out igniter false
t=1200 verdict-final FAIL
