t=0 state battery_cycle VERIFY
t=0 state chamber_model RUN
t=0 out heater false
t=0 out cooler false
t=0 out charger false
t=0 out chamber_t_sim 22.0 degC
t=0 out cell_v_sim 3.9 V
t=10 state battery_cycle CYCLING.S0
t=10 out heater true
t=100 out chamber_t_sim 23.0 degC
t=200 out chamber_t_sim 23.9995 degC
t=300 out chamber_t_sim 24.998500250000003 degC
t=400 out chamber_t_sim 25.997000999875002 degC
t=410 state battery_cycle CYCLING.S1
t=410 out heater false
t=500 out chamber_t_sim 25.995002499375065 degC
t=510 state battery_cycle CYCLING.S2
t=510 out cooler true
t=600 out chamber_t_sim 24.99300499812538 degC
t=700 out chamber_t_sim 23.991508495626316 degC
t=800 out chamber_t_sim 22.990512741378502 degC
t=900 out chamber_t_sim 21.99001748500781 degC
t=1000 out chamber_t_sim 20.990022476265306 degC
t=1100 out chamber_t_sim 19.990527465027174 degC
t=1200 out chamber_t_sim 18.99153220129466 degC
t=1300 out chamber_t_sim 17.993036435194014 degC
t=1400 out chamber_t_sim 16.995039916976417 degC
t=1500 out chamber_t_sim 15.997542397017929 degC
t=1600 out chamber_t_sim 15.00054362581942 degC
t=1700 out chamber_t_sim 14.00404335400651 degC
t=1710 state battery_cycle CYCLING.S3
t=1710 out cooler false
t=1800 out chamber_t_sim 14.008041332329507 degC
t=1810 state battery_cycle CYCLING.S4
t=1820 state battery_cycle CYCLING.S0
t=1820 out heater true
t=1900 out chamber_t_sim 15.012037311663342 degC
t=2000 out chamber_t_sim 16.01553129300751 degC
t=2100 out chamber_t_sim 17.018523527361005 degC
t=2200 out chamber_t_sim 18.021014265597323 degC
t=2300 out chamber_t_sim 19.023003758464526 degC
t=2400 out chamber_t_sim 20.024492256585294 degC
t=2500 out chamber_t_sim 21.025480010457002 degC
t=2600 out chamber_t_sim 22.025967270451773 degC
t=2700 out chamber_t_sim 23.025954286816546 degC
t=2800 out chamber_t_sim 24.025441309673138 degC
t=2900 out chamber_t_sim 25.0244285890183 degC
t=2910 state battery_cycle CYCLING.S1
t=2910 out heater false
t=3000 out chamber_t_sim 25.022916374723792 degC
t=3010 state battery_cycle CYCLING.S2
t=3010 out cooler true
t=3100 out chamber_t_sim 24.02140491653643 degC
t=3200 out chamber_t_sim 23.020394214078163 degC
t=3300 out chamber_t_sim 22.019884016971123 degC
t=3400 out chamber_t_sim 21.019874074962637 degC
t=3500 out chamber_t_sim 20.020364137925156 degC
t=3600 out chamber_t_sim 19.021353955856195 degC
t=3700 out chamber_t_sim 18.022843278878266 degC
t=3800 out chamber_t_sim 17.024831857238826 degC
t=3900 out chamber_t_sim 16.02731944131021 degC
t=4000 out chamber_t_sim 15.030305781589552 degC
t=4100 out chamber_t_sim 14.033790628698757 degC
t=4110 state battery_cycle CYCLING.S3
t=4110 out cooler false
t=4200 out chamber_t_sim 14.037773733384407 degC
t=4210 state battery_cycle CYCLING.S4
t=4220 state battery_cycle DONE
t=4300 out chamber_t_sim 14.041754846517716 degC
t=4400 out chamber_t_sim 14.045733969094456 degC
t=4400 verdict-final INCONCLUSIVE
