t=0 state blocks RUN
t=0 state codec WRITE
t=0 out above false
t=0 out settled false
t=0 out slope 0.0 V/s
t=0 out slewed 0.0 V
t=0 out run_ms 0
t=0 out pulses 0
t=0 out pair 0.0 V
t=0 out pair_ok true
t=0 out voted 0.0 V
t=0 out voted_ok true
t=0 out held 0.0 V
t=0 out held_ok true
t=0 out wmin 0.0 V
t=0 out wmax 0.0 V
t=0 out wmean 0.0 V
t=0 out wrms 0.0 V
t=0 out mapped 0.0 pct
t=0 out dead 0.0 V
t=0 out codec_ok false
t=0 out decoded 0
t=10 state codec READ
t=10 out codec_ok true
t=10 out decoded 3735928559
t=30 out above true
t=30 out slope 500.0 V/s
t=30 out slewed 1.0 V
t=30 out run_ms 10
t=30 out pulses 3
t=30 out pair 5.05 V
t=30 out voted 5.100000000000001 V
t=30 out held 5.05 V
t=30 out wmax 5.0 V
t=30 out wmean 1.25 V
t=30 out wrms 2.5 V
t=30 out mapped 50.0 pct
t=30 out dead 5.0 V
t=40 out slope 0.0 V/s
t=40 out slewed 2.0 V
t=40 out run_ms 20
t=40 out wmean 2.5 V
t=40 out wrms 3.5355339059327378 V
t=50 out settled true
t=50 out slewed 3.0 V
t=50 out run_ms 30
t=50 out wmean 3.75 V
t=50 out wrms 4.330127018922194 V
t=60 out slewed 4.0 V
t=60 out pair 0.0 V
t=60 out pair_ok false
t=60 out voted 0.0 V
t=60 out voted_ok false
t=60 out wmin 5.0 V
t=60 out wmean 5.0 V
t=60 out wrms 5.0 V
t=70 out slewed 5.0 V
t=80 out above false
t=80 out settled false
t=80 out slope -400.0 V/s
t=80 out slewed 4.0 V
t=80 out held 0.0 V
t=80 out held_ok false
t=80 out wmin 1.0 V
t=80 out wmean 4.0 V
t=80 out wrms 4.358898943540674 V
t=80 out mapped 10.0 pct
t=80 out dead 0.0 V
t=90 out slope 0.0 V/s
t=90 out slewed 3.0 V
t=90 out wmean 3.0 V
t=90 out wrms 3.605551275463989 V
t=100 out slope -400.0 V/s
t=100 out slewed 2.0 V
t=100 out wmin -3.0 V
t=100 out wmean 1.0 V
t=100 out wrms 3.0 V
t=100 out mapped -30.0 pct
t=100 out dead -3.0 V
t=110 out slope 0.0 V/s
t=110 out slewed 1.0 V
t=110 out wmax 1.0 V
t=110 out wmean -1.0 V
t=110 out wrms 2.23606797749979 V
t=120 out slewed 0.0 V
t=120 out wmean -2.0 V
t=120 out wrms 2.6457513110645907 V
t=130 out slewed -1.0 V
t=130 out wmax -3.0 V
t=130 out wmean -3.0 V
t=130 out wrms 3.0 V
t=140 out slewed -2.0 V
t=150 out slewed -3.0 V
t=200 verdict-final INCONCLUSIVE
