t=0 state plant LOW
t=0 state ctrl RUN
t=0 state watch RUN
t=0 out level 1
t=0 out lagged 0
t=0 out high false
t=0 out pinged false
t=0 pub plant x 1
t=1 pub plant x 2
t=1 out level 2
t=1 out lagged 1
t=2 pub plant x 3
t=2 out level 3
t=2 out lagged 2
t=3 pub plant x 4
t=3 out level 4
t=3 out lagged 3
t=4 signal plant ping
t=4 state plant HIGH
t=4 pub plant x 7
t=4 out level 7
t=4 out lagged 4
t=4 out high true
t=4 out pinged true
t=5 pub plant x 9
t=5 out level 9
t=5 out lagged 7
t=5 out pinged false
t=6 pub plant x 11
t=6 out level 11
t=6 out lagged 9
t=7 pub plant x 13
t=7 out level 13
t=7 out lagged 11
t=8 pub plant x 15
t=8 out level 15
t=8 out lagged 13
t=9 pub plant x 17
t=9 out level 17
t=9 out lagged 15
t=10 pub plant x 19
t=10 out level 19
t=10 out lagged 17
t=11 state plant LOW
t=11 pub plant x 22
t=11 out level 22
t=11 out lagged 19
t=11 out high false
t=12 signal plant ping
t=12 state plant HIGH
t=12 pub plant x 25
t=12 out level 25
t=12 out lagged 22
t=12 out high true
t=12 out pinged true
t=12 verdict-final INCONCLUSIVE
